[INFO] Scanning for projects...
[INFO] 
[INFO] ---------------------< com.qldapm_L01:backend-api >---------------------
[INFO] Building backend-api 0.0.1-SNAPSHOT
[INFO]   from pom.xml
[INFO] --------------------------------[ jar ]---------------------------------
[INFO] 
[INFO] --- clean:3.5.0:clean (default-clean) @ backend-api ---
[INFO] Deleting C:\Bach_Khoa\Nam_Bar_2025_2026\QLDAPM\BoKument\BoKument\Backend-api-Bokument\target
[INFO] 
[INFO] --- resources:3.3.1:resources (default-resources) @ backend-api ---
[INFO] Copying 1 resource from src\main\resources to target\classes
[INFO] Copying 0 resource from src\main\resources to target\classes
[INFO] 
[INFO] --- compiler:3.14.1:compile (default-compile) @ backend-api ---
[INFO] Recompiling the module because of changed source code.
[INFO] Compiling 26 source files with javac [debug parameters release 21] to target\classes
[INFO] -------------------------------------------------------------
[ERROR] COMPILATION ERROR : 
[INFO] -------------------------------------------------------------
[ERROR] /C:/Bach_Khoa/Nam_Bar_2025_2026/QLDAPM/BoKument/BoKument/Backend-api-Bokument/src/main/java/com/qldapm_L01/backend_api/Service/PdfConversionService.java:[7,33] package org.apache.pdfbox.pdmodel does not exist
[ERROR] /C:/Bach_Khoa/Nam_Bar_2025_2026/QLDAPM/BoKument/BoKument/Backend-api-Bokument/src/main/java/com/qldapm_L01/backend_api/Service/PdfConversionService.java:[8,35] package org.apache.pdfbox.rendering does not exist
[INFO] 2 errors 
[INFO] -------------------------------------------------------------
[INFO] ------------------------------------------------------------------------
[INFO] BUILD FAILURE
[INFO] ------------------------------------------------------------------------
[INFO] Total time:  4.427 s
[INFO] Finished at: 2026-04-06T12:39:13+07:00
[INFO] ------------------------------------------------------------------------
[ERROR] Failed to execute goal org.apache.maven.plugins:maven-compiler-plugin:3.14.1:compile (default-compile) on project backend-api: Compilation failure: Compilation failure: 
[ERROR] /C:/Bach_Khoa/Nam_Bar_2025_2026/QLDAPM/BoKument/BoKument/Backend-api-Bokument/src/main/java/com/qldapm_L01/backend_api/Service/PdfConversionService.java:[7,33] package org.apache.pdfbox.pdmodel does not exist
[ERROR] /C:/Bach_Khoa/Nam_Bar_2025_2026/QLDAPM/BoKument/BoKument/Backend-api-Bokument/src/main/java/com/qldapm_L01/backend_api/Service/PdfConversionService.java:[8,35] package org.apache.pdfbox.rendering does not exist
[ERROR] -> [Help 1]
[ERROR] 
[ERROR] To see the full stack trace of the errors, re-run Maven with the -e switch.
[ERROR] Re-run Maven using the -X switch to enable full debug logging.
[ERROR] 
[ERROR] For more information about the errors and possible solutions, please read the following articles:
[ERROR] [Help 1] http://cwiki.apache.org/confluence/display/MAVEN/MojoFailureException
